// Jest Snapshot v1, https://goo.gl/fbAQLP

exports[`Test the useLaunchData Component 1`] = `<useLaunchData />`;
