// Jest Snapshot v1, https://goo.gl/fbAQLP

exports[`Test the useLoader Component 1`] = `<useLoader />`;
