// Jest Snapshot v1, https://goo.gl/fbAQLP

exports[`Test the Home Component 1`] = `
Array [
  "SpaceX Launch Programs",
  <Filters />,
  <LaunchPrograms />,
]
`;
